// Vitest Snapshot v1, https://vitest.dev/guide/snapshot.html

exports[`matches hero snapshot 1`] = `
<div>
  <section
    class="relative min-h-[900px] overflow-hidden bg-cover bg-center"
    style="background-image: url("/src/assets/hero-bg.jpg");"
  >
    <div
      class="absolute inset-0 bg-gradient-to-r from-black/85 via-black/55 to-black/70"
    />
    <div
      class="relative z-10 max-w-7xl mx-auto px-6 lg:px-10 min-h-[900px] flex items-center"
    >
      <div
        class="grid lg:grid-cols-2 gap-16 items-center w-full"
      >
        <div
          class="text-white"
        >
          <p
            class="uppercase tracking-[6px] text-sm text-purple-300 font-medium mb-5"
          >
            Premium Banquet Hall
          </p>
          <h1
            class="text-5xl md:text-6xl xl:text-7xl font-extrabold leading-tight"
          >
            Celebrate
            <br />
            Your Dream
            <br />
            Wedding
          </h1>
          <p
            class="mt-8 text-lg text-gray-200 max-w-xl leading-8"
          >
            From intimate gatherings to grand celebrations, Royal Banquet Hall offers luxurious venues, premium hospitality and unforgettable experiences for weddings, receptions, birthdays, corporate events and every special occasion.
          </p>
          <div
            class="flex flex-wrap gap-5 mt-10"
          >
            <a
              class="bg-[#7C3AED] hover:bg-[#6D28D9] transition px-8 py-4 rounded-full font-semibold shadow-lg"
              href="#venues"
            >
              Explore Venues
            </a>
            <a
              class="border-2 border-white hover:bg-white hover:text-black transition px-8 py-4 rounded-full font-semibold"
              href="#enquiry-form"
            >
              Enquire Now
            </a>
          </div>
          <div
            class="flex gap-10 mt-14"
          >
            <div>
              <h2
                class="text-4xl font-bold text-purple-300"
              >
                500+
              </h2>
              <p
                class="text-gray-300 mt-2"
              >
                Successful Events
              </p>
            </div>
            <div>
              <h2
                class="text-4xl font-bold text-purple-300"
              >
                10+
              </h2>
              <p
                class="text-gray-300 mt-2"
              >
                Years Experience
              </p>
            </div>
            <div>
              <h2
                class="text-4xl font-bold text-purple-300"
              >
                5★
              </h2>
              <p
                class="text-gray-300 mt-2"
              >
                Customer Rating
              </p>
            </div>
          </div>
        </div>
        <div
          class="flex justify-center lg:justify-end"
        >
          <div
            class="w-full max-w-lg"
          >
            <form
              class="w-full bg-white rounded-2xl shadow-2xl p-8"
              id="enquiry-form"
            >
              <h2
                class="text-3xl font-bold text-center mb-6"
              >
                Quick Enquiry
              </h2>
              <div
                class="space-y-5"
              >
                <div>
                  <label
                    class="block mb-2 font-medium"
                  >
                    Event Type
                  </label>
                  <input
                    class="w-full border border-gray-300 rounded-lg px-4 py-3 focus:outline-none focus:border-[#7C3AED]"
                    name="eventType"
                  />
                </div>
                <div>
                  <label
                    class="block mb-2 font-medium"
                  >
                    Event Name
                  </label>
                  <input
                    class="w-full border border-gray-300 rounded-lg px-4 py-3 focus:outline-none focus:border-[#7C3AED]"
                    name="eventName"
                  />
                </div>
                <div>
                  <label
                    class="block mb-2 font-medium"
                  >
                    Guests
                  </label>
                  <input
                    class="w-full border border-gray-300 rounded-lg px-4 py-3 focus:outline-none focus:border-[#7C3AED]"
                    name="guests"
                    type="number"
                  />
                </div>
                <div>
                  <label
                    class="block mb-2 font-medium"
                  >
                    Name
                  </label>
                  <input
                    class="w-full border border-gray-300 rounded-lg px-4 py-3 focus:outline-none focus:border-[#7C3AED]"
                    name="name"
                  />
                </div>
                <div>
                  <label
                    class="block mb-2 font-medium"
                  >
                    Phone
                  </label>
                  <input
                    class="w-full border border-gray-300 rounded-lg px-4 py-3 focus:outline-none focus:border-[#7C3AED]"
                    name="phone"
                  />
                </div>
                <div>
                  <label
                    class="block mb-2 font-medium"
                  >
                    Email
                  </label>
                  <input
                    class="w-full border border-gray-300 rounded-lg px-4 py-3 focus:outline-none focus:border-[#7C3AED]"
                    name="email"
                  />
                </div>
                <button
                  class="w-full bg-[#7C3AED] hover:bg-[#6D28D9] text-white py-3 rounded-lg font-semibold transition"
                  type="submit"
                >
                  Submit Enquiry
                </button>
              </div>
            </form>
          </div>
        </div>
      </div>
    </div>
    <div
      class="absolute bottom-8 left-1/2 -translate-x-1/2 hidden lg:flex flex-col items-center text-white"
    >
      <span
        class="text-sm tracking-widest uppercase mb-2"
      >
        Scroll
      </span>
      <div
        class="w-[2px] h-12 bg-white/60 animate-pulse"
      />
    </div>
  </section>
</div>
`;
